0xabcd
0xabcd

0xabcd
0x0abcd0

0xabcd
0xabcd0000

