0x0111111111111111

0x0123456789abcdefedcba987654321

